// Jest Snapshot v1, https://goo.gl/fbAQLP

exports[`Hello Component Should match its snapshot 1`] = `
.emotion-8 {
  display: -webkit-box;
  display: -webkit-flex;
  display: -ms-flexbox;
  display: flex;
  -webkit-box-pack: center;
  -webkit-justify-content: center;
  -ms-flex-pack: center;
  justify-content: center;
  -webkit-flex-direction: column;
  -ms-flex-direction: column;
  flex-direction: column;
}

.emotion-2 {
  -webkit-flex: 1 1 auto;
  -ms-flex: 1 1 auto;
  flex: 1 1 auto;
  text-align: center;
}

.emotion-0 {
  margin: 0;
  font-size: 32px;
}

.emotion-4 {
  margin: 0;
  font-size: 24px;
}

<Hello
  age={12}
  name="Kevin"
>
  <HelloWrapper>
    <div
      className="emotion-8 emotion-9"
    >
      <ItemWrapper>
        <div
          className="emotion-2 emotion-3"
        >
          <NameHeading>
            <h1
              className="emotion-0 emotion-1"
            >
               Hello 
              Kevin
               
            </h1>
          </NameHeading>
        </div>
      </ItemWrapper>
      <ItemWrapper>
        <div
          className="emotion-2 emotion-3"
        >
          <AgeHeading>
            <h2
              className="emotion-4 emotion-5"
            >
               Age 
              12
               
            </h2>
          </AgeHeading>
        </div>
      </ItemWrapper>
    </div>
  </HelloWrapper>
</Hello>
`;
